import networkx as nx
import sys
def main():
    if (10.0<7.0):
        if (10.0<7.0):
            print("hi")
        cost = 2.0
    else:
        print("success")
if __name__ == '__main__': 
	try:
		main()
	except:
		print'Error:',sys.exc_info()[0]
		print'Resolve error before running again!'