import networkx as nx
import sys
import matplotlib.pyplot as plt
def main():
    g = nx.MultiDiGraph()
    nj = 'nj',{}
    ny = 'ny',{}
    pa = 'pa',  {'temp':85.0,'humidity':'low'}
    va = 'va',  {'temp':87.0,'humidity':'high'}
if __name__ == '__main__': 
	try:
		main()
	except:
		print'Error:',sys.exc_info()[0]
		print'Resolve error before running again!'